openeuler-image-raspberrypi4-64-mica-uniproton-20260818.rpi-sdimg: OK
README.md: OK
BUILD.md: OK
components/mcs-resources-16m.dtbo: OK
components/rpi4-uniproton-1d102888.elf: OK
components/rpi4-uniproton.conf: OK
components/firstboot-resize2fs.service: OK
uefi/RPI_EFI.fd: OK
uefi/bl31.bin: OK
uefi/RPI_EFI.fd.edk2-only: OK
uefi/patches/0003-rpi4-default-devicetree-and-bdp-all.dsc.patch: OK
uefi/patches/0004-rpi4-bootorder-local-first.PlatformBm.patch: OK
uefi/patches/0005-rpi4-bootorder-local-first.inf.patch: OK
whole-system-test.sh: OK
components/rpi4-uniproton-rpmsg-rt-v11.elf: OK
automation/rpmsg_app_test.py: OK
automation/run-rt-load-test.sh: OK
automation/run-rt-restart-100.sh: OK
automation/net_stress.py: OK
automation/net_sink.py: OK
